

  MyToken
    Deployment
      Γ£ö Should set the correct name and symbol
      Γ£ö Should mint initial supply to deployer
      Γ£ö Should grant DEFAULT_ADMIN_ROLE and MINTER_ROLE to deployer
      Γ£ö Should have correct max supply
    Minting
      Γ£ö Should allow minter to mint tokens
      Γ£ö Should not allow non-minter to mint
      Γ£ö Should not mint beyond max supply
      Γ£ö Should allow minting up to max supply
    Access Control
      Γ£ö Should allow admin to grant minter role
      Γ£ö Should allow admin to revoke minter role
      Γ£ö Should not allow non-admin to grant roles
    Transfers
      Γ£ö Should transfer tokens between accounts
      Γ£ö Should fail if sender doesn't have enough tokens

  StakingPool
    Deployment
      1) "before each" hook for "Should set correct staking token"


  13 passing (562ms)
  1 failing

  1) StakingPool
       "before each" hook for "Should set correct staking token":
     Error: VM Exception while processing transaction: reverted with custom error 'ERC20InsufficientBalance("0xf39Fd6e51aad88F6F4ce6aB8827279cffFb92266", 1000000000000000000000, 10000000000000000000000)'
    at MyToken.mint (contracts/MyToken.sol:33)
    at MyToken._transfer (@openzeppelin/contracts/token/ERC20/ERC20.sol:166)
    at MyToken.transfer (@openzeppelin/contracts/token/ERC20/ERC20.sol:101)
    at EdrProviderWrapper.request (node_modules\hardhat\src\internal\hardhat-network\provider\provider.ts:455:41)
    at HardhatEthersSigner.sendTransaction (node_modules\@nomicfoundation\hardhat-ethers\src\signers.ts:185:18)
    at send (node_modules\ethers\src.ts\contract\contract.ts:313:20)
    at Proxy.transfer (node_modules\ethers\src.ts\contract\contract.ts:352:16)
    at Context.<anonymous> (test\StakingPool.test.js:30:9)
  



